resume tu runs/stage3_v1.npz (gen=196, stage=3)
tham so bo nao: 1810 | pop=64 | episodes=4 | jobs=4
gen  196 | stage 3 | fit    193.6 (max    297.0) | sigma 0.080 |  4.9s
         eval: R   172.4 | toi_diem 2.25 | sac 0.00 | o_da_di 9.8 | va_cham 11.3 | roi 0% | het_pin 8%
gen  197 | stage 3 | fit    202.9 (max    302.2) | sigma 0.080 |  5.9s
gen  198 | stage 3 | fit    129.9 (max    251.8) | sigma 0.080 |  5.6s
gen  199 | stage 3 | fit    193.3 (max    274.8) | sigma 0.080 |  5.4s
         eval: R   174.2 | toi_diem 2.33 | sac 0.00 | o_da_di 12.8 | va_cham 26.8 | roi 0% | het_pin 8%
gen  200 | stage 3 | fit    188.4 (max    258.7) | sigma 0.080 |  5.5s
gen  201 | stage 3 | fit    244.1 (max    413.1) | sigma 0.080 |  5.5s
gen  202 | stage 3 | fit    176.3 (max    318.5) | sigma 0.079 |  6.0s
gen  203 | stage 3 | fit     56.7 (max    132.5) | sigma 0.079 |  5.6s
gen  204 | stage 3 | fit    241.8 (max    357.2) | sigma 0.079 |  6.3s
         eval: R   156.9 | toi_diem 2.08 | sac 0.00 | o_da_di 10.4 | va_cham 27.2 | roi 0% | het_pin 8%
gen  205 | stage 3 | fit    172.9 (max    257.2) | sigma 0.079 |  5.0s
gen  206 | stage 3 | fit    122.6 (max    257.0) | sigma 0.079 |  5.7s
gen  207 | stage 3 | fit    162.0 (max    241.3) | sigma 0.079 |  5.6s
gen  208 | stage 3 | fit    106.0 (max    166.2) | sigma 0.079 |  4.7s
gen  209 | stage 3 | fit    185.0 (max    273.2) | sigma 0.079 |  5.2s
         eval: R   178.4 | toi_diem 2.17 | sac 0.00 | o_da_di 11.4 | va_cham 12.2 | roi 0% | het_pin 8%
gen  210 | stage 3 | fit    154.6 (max    263.4) | sigma 0.079 |  5.1s
gen  211 | stage 3 | fit    114.3 (max    183.3) | sigma 0.079 |  5.1s
gen  212 | stage 3 | fit    151.9 (max    263.6) | sigma 0.079 |  6.2s
gen  213 | stage 3 | fit    206.3 (max    348.2) | sigma 0.079 |  6.4s
gen  214 | stage 3 | fit    233.7 (max    340.0) | sigma 0.078 |  5.6s
         eval: R   168.4 | toi_diem 2.00 | sac 0.00 | o_da_di 10.9 | va_cham 16.3 | roi 0% | het_pin 8%
gen  215 | stage 3 | fit    144.6 (max    226.8) | sigma 0.078 |  5.7s
gen  216 | stage 3 | fit    129.2 (max    260.2) | sigma 0.078 |  6.0s
gen  217 | stage 3 | fit    188.4 (max    287.9) | sigma 0.078 |  6.2s
gen  218 | stage 3 | fit    301.1 (max    422.7) | sigma 0.078 |  5.9s
gen  219 | stage 3 | fit    225.8 (max    340.2) | sigma 0.078 |  5.7s
         eval: R   154.5 | toi_diem 1.83 | sac 0.00 | o_da_di 8.9 | va_cham 4.3 | roi 0% | het_pin 8%
gen  220 | stage 3 | fit    211.8 (max    348.7) | sigma 0.078 |  6.0s
gen  221 | stage 3 | fit    170.3 (max    238.6) | sigma 0.078 |  5.8s
gen  222 | stage 3 | fit    161.7 (max    250.7) | sigma 0.078 |  5.7s
gen  223 | stage 3 | fit    187.4 (max    281.8) | sigma 0.078 |  6.1s
gen  224 | stage 3 | fit    279.6 (max    397.7) | sigma 0.078 |  5.8s
         eval: R   133.0 | toi_diem 1.58 | sac 0.00 | o_da_di 10.1 | va_cham 11.8 | roi 8% | het_pin 8%
gen  225 | stage 3 | fit    161.7 (max    239.1) | sigma 0.078 |  5.7s
gen  226 | stage 3 | fit    123.5 (max    195.6) | sigma 0.078 |  5.1s
gen  227 | stage 3 | fit    104.1 (max    191.0) | sigma 0.077 |  5.9s
gen  228 | stage 3 | fit    121.6 (max    190.6) | sigma 0.077 |  5.3s
gen  229 | stage 3 | fit    211.4 (max    299.8) | sigma 0.077 |  5.1s
         eval: R   192.0 | toi_diem 2.33 | sac 0.00 | o_da_di 12.5 | va_cham 12.2 | roi 8% | het_pin 8%
gen  230 | stage 3 | fit    141.8 (max    265.2) | sigma 0.077 |  6.4s
gen  231 | stage 3 | fit    171.0 (max    275.9) | sigma 0.077 |  5.4s
gen  232 | stage 3 | fit    136.2 (max    202.2) | sigma 0.077 |  5.5s
gen  233 | stage 3 | fit    155.2 (max    228.4) | sigma 0.077 |  5.9s
gen  234 | stage 3 | fit    140.6 (max    242.2) | sigma 0.077 |  5.7s
         eval: R   164.9 | toi_diem 2.00 | sac 0.00 | o_da_di 11.4 | va_cham 10.2 | roi 8% | het_pin 8%
gen  235 | stage 3 | fit    122.1 (max    216.4) | sigma 0.077 |  6.1s
gen  236 | stage 3 | fit    182.1 (max    273.4) | sigma 0.077 |  5.8s
gen  237 | stage 3 | fit    163.0 (max    265.3) | sigma 0.077 |  6.0s
gen  238 | stage 3 | fit    153.4 (max    235.8) | sigma 0.077 |  5.8s
gen  239 | stage 3 | fit    140.5 (max    253.9) | sigma 0.077 |  5.8s
         eval: R   204.9 | toi_diem 2.58 | sac 0.00 | o_da_di 12.4 | va_cham 13.3 | roi 8% | het_pin 8%
gen  240 | stage 3 | fit    264.4 (max    338.3) | sigma 0.076 |  6.0s
gen  241 | stage 3 | fit    131.6 (max    211.8) | sigma 0.076 |  5.9s
gen  242 | stage 3 | fit    240.5 (max    358.7) | sigma 0.076 |  5.4s
gen  243 | stage 3 | fit    157.0 (max    276.6) | sigma 0.076 |  4.8s
gen  244 | stage 3 | fit    136.8 (max    220.3) | sigma 0.076 |  5.9s
         eval: R   210.9 | toi_diem 2.67 | sac 0.00 | o_da_di 13.0 | va_cham 20.8 | roi 0% | het_pin 8%
gen  245 | stage 3 | fit     93.2 (max    141.2) | sigma 0.076 |  6.0s
gen  246 | stage 3 | fit    193.4 (max    290.9) | sigma 0.076 |  5.9s
gen  247 | stage 3 | fit     10.2 (max     94.5) | sigma 0.076 |  6.7s
gen  248 | stage 3 | fit    240.9 (max    349.9) | sigma 0.076 |  5.7s
gen  249 | stage 3 | fit    192.4 (max    309.7) | sigma 0.076 |  6.0s
         eval: R   171.8 | toi_diem 2.17 | sac 0.00 | o_da_di 13.1 | va_cham 23.0 | roi 0% | het_pin 8%
gen  250 | stage 3 | fit    140.6 (max    209.2) | sigma 0.076 |  5.5s
gen  251 | stage 3 | fit    130.9 (max    216.5) | sigma 0.076 |  5.8s
gen  252 | stage 3 | fit    161.1 (max    237.3) | sigma 0.076 |  5.4s
gen  253 | stage 3 | fit    124.1 (max    237.4) | sigma 0.075 |  6.0s
gen  254 | stage 3 | fit    250.0 (max    394.2) | sigma 0.075 |  5.3s
         eval: R   188.9 | toi_diem 2.58 | sac 0.00 | o_da_di 11.9 | va_cham 27.8 | roi 0% | het_pin 8%
gen  255 | stage 3 | fit     91.0 (max    134.4) | sigma 0.075 |  5.9s
gen  256 | stage 3 | fit    200.9 (max    305.4) | sigma 0.075 |  4.9s
gen  257 | stage 3 | fit    103.2 (max    154.9) | sigma 0.075 |  5.2s
gen  258 | stage 3 | fit    171.2 (max    278.1) | sigma 0.075 |  5.7s
gen  259 | stage 3 | fit    244.3 (max    326.2) | sigma 0.075 |  5.6s
         eval: R   244.9 | toi_diem 3.08 | sac 0.00 | o_da_di 14.0 | va_cham 12.2 | roi 0% | het_pin 8%
gen  260 | stage 3 | fit    205.9 (max    294.1) | sigma 0.075 |  5.4s
gen  261 | stage 3 | fit    209.5 (max    272.6) | sigma 0.075 |  5.0s
gen  262 | stage 3 | fit    221.1 (max    313.5) | sigma 0.075 |  6.1s
gen  263 | stage 3 | fit    118.2 (max    203.0) | sigma 0.075 |  6.1s
gen  264 | stage 3 | fit    169.6 (max    289.2) | sigma 0.075 |  5.9s
         eval: R   217.0 | toi_diem 2.67 | sac 0.00 | o_da_di 14.5 | va_cham 15.2 | roi 0% | het_pin 8%
gen  265 | stage 3 | fit    177.2 (max    250.6) | sigma 0.075 |  4.7s
gen  266 | stage 3 | fit    177.3 (max    247.3) | sigma 0.075 |  5.7s
gen  267 | stage 3 | fit    160.6 (max    241.3) | sigma 0.074 |  5.8s
gen  268 | stage 3 | fit    229.1 (max    373.4) | sigma 0.074 |  5.5s
gen  269 | stage 3 | fit     54.3 (max    121.4) | sigma 0.074 |  5.7s
         eval: R   197.4 | toi_diem 2.33 | sac 0.00 | o_da_di 13.2 | va_cham 9.6 | roi 0% | het_pin 8%
gen  270 | stage 3 | fit    148.5 (max    245.7) | sigma 0.074 |  6.3s
gen  271 | stage 3 | fit    226.5 (max    306.4) | sigma 0.074 |  5.7s
gen  272 | stage 3 | fit    113.0 (max    189.0) | sigma 0.074 |  5.4s
gen  273 | stage 3 | fit    285.6 (max    371.9) | sigma 0.074 |  5.1s
gen  274 | stage 3 | fit    122.1 (max    252.3) | sigma 0.074 |  6.0s
         eval: R   199.3 | toi_diem 2.58 | sac 0.00 | o_da_di 11.6 | va_cham 7.2 | roi 0% | het_pin 8%
gen  275 | stage 3 | fit    143.5 (max    224.9) | sigma 0.074 |  5.5s
gen  276 | stage 3 | fit    166.1 (max    273.6) | sigma 0.074 |  6.2s
gen  277 | stage 3 | fit    241.1 (max    339.7) | sigma 0.074 |  6.2s
gen  278 | stage 3 | fit    164.9 (max    232.9) | sigma 0.074 |  5.9s
gen  279 | stage 3 | fit    334.8 (max    472.8) | sigma 0.074 |  5.7s
         eval: R   173.4 | toi_diem 2.17 | sac 0.00 | o_da_di 11.6 | va_cham 6.1 | roi 0% | het_pin 8%
gen  280 | stage 3 | fit    159.6 (max    239.8) | sigma 0.073 |  5.8s
gen  281 | stage 3 | fit    122.5 (max    186.7) | sigma 0.073 |  5.8s
gen  282 | stage 3 | fit    117.9 (max    200.1) | sigma 0.073 |  5.9s
gen  283 | stage 3 | fit    309.9 (max    420.9) | sigma 0.073 |  5.5s
gen  284 | stage 3 | fit    184.0 (max    265.1) | sigma 0.073 |  5.5s
         eval: R   164.2 | toi_diem 2.00 | sac 0.00 | o_da_di 11.2 | va_cham 6.8 | roi 8% | het_pin 8%
gen  285 | stage 3 | fit    341.8 (max    447.2) | sigma 0.073 |  5.5s
gen  286 | stage 3 | fit    237.4 (max    336.9) | sigma 0.073 |  5.8s
gen  287 | stage 3 | fit    226.4 (max    325.0) | sigma 0.073 |  5.1s
gen  288 | stage 3 | fit    318.1 (max    420.9) | sigma 0.073 |  4.4s
gen  289 | stage 3 | fit    159.3 (max    253.1) | sigma 0.073 |  5.9s
         eval: R   195.3 | toi_diem 2.25 | sac 0.00 | o_da_di 12.3 | va_cham 8.2 | roi 0% | het_pin 8%
gen  290 | stage 3 | fit    172.2 (max    270.8) | sigma 0.073 |  5.8s
gen  291 | stage 3 | fit    159.2 (max    266.4) | sigma 0.073 |  5.9s
gen  292 | stage 3 | fit    155.4 (max    237.7) | sigma 0.073 |  6.3s
gen  293 | stage 3 | fit    288.2 (max    406.5) | sigma 0.073 |  5.2s
gen  294 | stage 3 | fit    167.3 (max    251.7) | sigma 0.072 |  5.9s
         eval: R   100.9 | toi_diem 1.50 | sac 0.00 | o_da_di 9.3 | va_cham 24.3 | roi 8% | het_pin 8%
gen  295 | stage 3 | fit    154.3 (max    239.3) | sigma 0.072 |  5.9s
gen  296 | stage 3 | fit    117.5 (max    190.5) | sigma 0.072 |  6.4s
gen  297 | stage 3 | fit    178.4 (max    285.8) | sigma 0.072 |  5.6s
gen  298 | stage 3 | fit    220.7 (max    322.4) | sigma 0.072 |  5.3s
gen  299 | stage 3 | fit    115.6 (max    200.2) | sigma 0.072 |  6.4s
         eval: R   145.1 | toi_diem 1.83 | sac 0.00 | o_da_di 11.2 | va_cham 12.8 | roi 0% | het_pin 8%
gen  300 | stage 3 | fit    211.0 (max    323.6) | sigma 0.072 |  6.4s
gen  301 | stage 3 | fit    110.0 (max    188.0) | sigma 0.072 |  5.1s
gen  302 | stage 3 | fit    100.3 (max    167.7) | sigma 0.072 |  6.0s
gen  303 | stage 3 | fit    181.3 (max    270.7) | sigma 0.072 |  6.0s
gen  304 | stage 3 | fit     81.4 (max    135.6) | sigma 0.072 |  6.3s
         eval: R   165.6 | toi_diem 2.33 | sac 0.01 | o_da_di 10.8 | va_cham 16.8 | roi 0% | het_pin 8%
gen  305 | stage 3 | fit    165.1 (max    260.4) | sigma 0.072 |  5.4s
gen  306 | stage 3 | fit    107.2 (max    171.9) | sigma 0.072 |  5.9s
gen  307 | stage 3 | fit    186.6 (max    273.6) | sigma 0.072 |  6.4s
gen  308 | stage 3 | fit     64.3 (max    119.9) | sigma 0.071 |  4.9s
